TimeQuest Timing Analyzer report for RAM2E
Fri May 01 23:55:29 2020
Quartus II 32-bit Version 13.0.1 Build 232 06/12/2013 Service Pack 1 SJ Web Edition


---------------------
; Table of Contents ;
---------------------
  1. Legal Notice
  2. TimeQuest Timing Analyzer Summary
  3. SDC File List
  4. Clocks
  5. Fmax Summary
  6. Setup Summary
  7. Hold Summary
  8. Recovery Summary
  9. Removal Summary
 10. Minimum Pulse Width Summary
 11. Setup: 'C14M'
 12. Hold: 'C14M'
 13. Minimum Pulse Width: 'C14M'
 14. Setup Times
 15. Hold Times
 16. Clock to Output Times
 17. Minimum Clock to Output Times
 18. Propagation Delay
 19. Minimum Propagation Delay
 20. Setup Transfers
 21. Hold Transfers
 22. Report TCCS
 23. Report RSKM
 24. Unconstrained Paths
 25. TimeQuest Timing Analyzer Messages



----------------
; Legal Notice ;
----------------
Copyright (C) 1991-2013 Altera Corporation
Your use of Altera Corporation's design tools, logic functions 
and other software and tools, and its AMPP partner logic 
functions, and any output files from any of the foregoing 
(including device programming or simulation files), and any 
associated documentation or information are expressly subject 
to the terms and conditions of the Altera Program License 
Subscription Agreement, Altera MegaCore Function License 
Agreement, or other applicable license agreement, including, 
without limitation, that your use is for the sole purpose of 
programming logic devices manufactured by Altera and sold by 
Altera or its authorized distributors.  Please refer to the 
applicable agreement for further details.



+----------------------------------------------------------------------------------------+
; TimeQuest Timing Analyzer Summary                                                      ;
+--------------------+-------------------------------------------------------------------+
; Quartus II Version ; Version 13.0.1 Build 232 06/12/2013 Service Pack 1 SJ Web Edition ;
; Revision Name      ; RAM2E                                                             ;
; Device Family      ; MAX II                                                            ;
; Device Name        ; EPM240T100C5                                                      ;
; Timing Models      ; Final                                                             ;
; Delay Model        ; Slow Model                                                        ;
; Rise/Fall Delays   ; Unavailable                                                       ;
+--------------------+-------------------------------------------------------------------+


+-----------------------------------------------------+
; SDC File List                                       ;
+-----------------+--------+--------------------------+
; SDC File Path   ; Status ; Read at                  ;
+-----------------+--------+--------------------------+
; constraints.sdc ; OK     ; Fri May 01 23:55:28 2020 ;
+-----------------+--------+--------------------------+


+----------------------------------------------------------------------------------------------------------------------------------------------------------------------------------+
; Clocks                                                                                                                                                                           ;
+------------+------+--------+-----------+-------+--------+------------+-----------+-------------+-------+--------+-----------+------------+----------+--------+--------+----------+
; Clock Name ; Type ; Period ; Frequency ; Rise  ; Fall   ; Duty Cycle ; Divide by ; Multiply by ; Phase ; Offset ; Edge List ; Edge Shift ; Inverted ; Master ; Source ; Targets  ;
+------------+------+--------+-----------+-------+--------+------------+-----------+-------------+-------+--------+-----------+------------+----------+--------+--------+----------+
; C14M       ; Base ; 69.841 ; 14.32 MHz ; 0.000 ; 34.920 ;            ;           ;             ;       ;        ;           ;            ;          ;        ;        ; { C14M } ;
+------------+------+--------+-----------+-------+--------+------------+-----------+-------------+-------+--------+-----------+------------+----------+--------+--------+----------+


+--------------------------------------------------+
; Fmax Summary                                     ;
+------------+-----------------+------------+------+
; Fmax       ; Restricted Fmax ; Clock Name ; Note ;
+------------+-----------------+------------+------+
; 159.21 MHz ; 159.21 MHz      ; C14M       ;      ;
+------------+-----------------+------------+------+
This panel reports FMAX for every clock in the design, regardless of the user-specified clock periods.  FMAX is only computed for paths where the source and destination registers or ports are driven by the same clock.  Paths of different clocks, including generated clocks, are ignored.  For paths between a clock and its inversion, FMAX is computed as if the rising and falling edges are scaled along with FMAX, such that the duty cycle (in terms of a percentage) is maintained. Altera recommends that you always use clock constraints and other slack reports for sign-off analysis.


+--------------------------------+
; Setup Summary                  ;
+-------+--------+---------------+
; Clock ; Slack  ; End Point TNS ;
+-------+--------+---------------+
; C14M  ; 63.560 ; 0.000         ;
+-------+--------+---------------+


+-------------------------------+
; Hold Summary                  ;
+-------+-------+---------------+
; Clock ; Slack ; End Point TNS ;
+-------+-------+---------------+
; C14M  ; 1.078 ; 0.000         ;
+-------+-------+---------------+


--------------------
; Recovery Summary ;
--------------------
No paths to report.


-------------------
; Removal Summary ;
-------------------
No paths to report.


+--------------------------------+
; Minimum Pulse Width Summary    ;
+-------+--------+---------------+
; Clock ; Slack  ; End Point TNS ;
+-------+--------+---------------+
; C14M  ; 34.654 ; 0.000         ;
+-------+--------+---------------+


+---------------------------------------------------------------------------------------------------------+
; Setup: 'C14M'                                                                                           ;
+--------+-----------+--------------+--------------+-------------+--------------+------------+------------+
; Slack  ; From Node ; To Node      ; Launch Clock ; Latch Clock ; Relationship ; Clock Skew ; Data Delay ;
+--------+-----------+--------------+--------------+-------------+--------------+------------+------------+
; 63.560 ; S[3]      ; RWBank[4]    ; C14M         ; C14M        ; 69.841       ; 0.000      ; 5.948      ;
; 63.560 ; S[3]      ; RWBank[5]    ; C14M         ; C14M        ; 69.841       ; 0.000      ; 5.948      ;
; 63.560 ; S[3]      ; RWBank[0]    ; C14M         ; C14M        ; 69.841       ; 0.000      ; 5.948      ;
; 63.560 ; S[3]      ; RWBank[1]    ; C14M         ; C14M        ; 69.841       ; 0.000      ; 5.948      ;
; 63.560 ; S[3]      ; RWBank[2]    ; C14M         ; C14M        ; 69.841       ; 0.000      ; 5.948      ;
; 63.560 ; S[3]      ; RWBank[3]    ; C14M         ; C14M        ; 69.841       ; 0.000      ; 5.948      ;
; 63.560 ; S[3]      ; RWBank[6]    ; C14M         ; C14M        ; 69.841       ; 0.000      ; 5.948      ;
; 63.735 ; S[3]      ; Dout[7]~reg0 ; C14M         ; C14M        ; 69.841       ; 0.000      ; 5.773      ;
; 63.842 ; S[3]      ; Vout[5]~reg0 ; C14M         ; C14M        ; 69.841       ; 0.000      ; 5.666      ;
; 63.877 ; S[3]      ; Vout[1]~reg0 ; C14M         ; C14M        ; 69.841       ; 0.000      ; 5.631      ;
; 63.877 ; S[3]      ; Vout[3]~reg0 ; C14M         ; C14M        ; 69.841       ; 0.000      ; 5.631      ;
; 63.899 ; S[3]      ; Vout[2]~reg0 ; C14M         ; C14M        ; 69.841       ; 0.000      ; 5.609      ;
; 63.899 ; S[3]      ; Vout[4]~reg0 ; C14M         ; C14M        ; 69.841       ; 0.000      ; 5.609      ;
; 63.899 ; S[3]      ; Vout[6]~reg0 ; C14M         ; C14M        ; 69.841       ; 0.000      ; 5.609      ;
; 63.927 ; S[2]      ; Dout[7]~reg0 ; C14M         ; C14M        ; 69.841       ; 0.000      ; 5.581      ;
; 63.931 ; S[0]      ; RAH[8]       ; C14M         ; C14M        ; 69.841       ; 0.000      ; 5.577      ;
; 63.931 ; S[0]      ; RAH[11]      ; C14M         ; C14M        ; 69.841       ; 0.000      ; 5.577      ;
; 63.945 ; RowA[3]   ; RWBank[4]    ; C14M         ; C14M        ; 69.841       ; 0.000      ; 5.563      ;
; 63.945 ; RowA[3]   ; RWBank[5]    ; C14M         ; C14M        ; 69.841       ; 0.000      ; 5.563      ;
; 63.945 ; RowA[3]   ; RWBank[0]    ; C14M         ; C14M        ; 69.841       ; 0.000      ; 5.563      ;
; 63.945 ; RowA[3]   ; RWBank[1]    ; C14M         ; C14M        ; 69.841       ; 0.000      ; 5.563      ;
; 63.945 ; RowA[3]   ; RWBank[2]    ; C14M         ; C14M        ; 69.841       ; 0.000      ; 5.563      ;
; 63.945 ; RowA[3]   ; RWBank[3]    ; C14M         ; C14M        ; 69.841       ; 0.000      ; 5.563      ;
; 63.945 ; RowA[3]   ; RWBank[6]    ; C14M         ; C14M        ; 69.841       ; 0.000      ; 5.563      ;
; 63.977 ; S[0]      ; Vout[5]~reg0 ; C14M         ; C14M        ; 69.841       ; 0.000      ; 5.531      ;
; 64.012 ; S[0]      ; Vout[1]~reg0 ; C14M         ; C14M        ; 69.841       ; 0.000      ; 5.496      ;
; 64.012 ; S[0]      ; Vout[3]~reg0 ; C14M         ; C14M        ; 69.841       ; 0.000      ; 5.496      ;
; 64.026 ; S[1]      ; Dout[7]~reg0 ; C14M         ; C14M        ; 69.841       ; 0.000      ; 5.482      ;
; 64.034 ; S[0]      ; Vout[2]~reg0 ; C14M         ; C14M        ; 69.841       ; 0.000      ; 5.474      ;
; 64.034 ; S[0]      ; Vout[4]~reg0 ; C14M         ; C14M        ; 69.841       ; 0.000      ; 5.474      ;
; 64.034 ; S[0]      ; Vout[6]~reg0 ; C14M         ; C14M        ; 69.841       ; 0.000      ; 5.474      ;
; 64.045 ; S[0]      ; Dout[7]~reg0 ; C14M         ; C14M        ; 69.841       ; 0.000      ; 5.463      ;
; 64.111 ; S[2]      ; InitS[0]     ; C14M         ; C14M        ; 69.841       ; 0.000      ; 5.397      ;
; 64.113 ; S[1]      ; Vout[5]~reg0 ; C14M         ; C14M        ; 69.841       ; 0.000      ; 5.395      ;
; 64.115 ; S[1]      ; RAH[8]       ; C14M         ; C14M        ; 69.841       ; 0.000      ; 5.393      ;
; 64.115 ; S[1]      ; RAH[11]      ; C14M         ; C14M        ; 69.841       ; 0.000      ; 5.393      ;
; 64.146 ; S[3]      ; Dout[0]~reg0 ; C14M         ; C14M        ; 69.841       ; 0.000      ; 5.362      ;
; 64.146 ; S[3]      ; Dout[1]~reg0 ; C14M         ; C14M        ; 69.841       ; 0.000      ; 5.362      ;
; 64.146 ; S[3]      ; Dout[2]~reg0 ; C14M         ; C14M        ; 69.841       ; 0.000      ; 5.362      ;
; 64.146 ; S[3]      ; Dout[3]~reg0 ; C14M         ; C14M        ; 69.841       ; 0.000      ; 5.362      ;
; 64.146 ; S[3]      ; Dout[4]~reg0 ; C14M         ; C14M        ; 69.841       ; 0.000      ; 5.362      ;
; 64.146 ; S[3]      ; Dout[5]~reg0 ; C14M         ; C14M        ; 69.841       ; 0.000      ; 5.362      ;
; 64.146 ; S[3]      ; Dout[6]~reg0 ; C14M         ; C14M        ; 69.841       ; 0.000      ; 5.362      ;
; 64.148 ; S[1]      ; Vout[1]~reg0 ; C14M         ; C14M        ; 69.841       ; 0.000      ; 5.360      ;
; 64.148 ; S[1]      ; Vout[3]~reg0 ; C14M         ; C14M        ; 69.841       ; 0.000      ; 5.360      ;
; 64.158 ; S[2]      ; RAH[8]       ; C14M         ; C14M        ; 69.841       ; 0.000      ; 5.350      ;
; 64.158 ; S[2]      ; RAH[11]      ; C14M         ; C14M        ; 69.841       ; 0.000      ; 5.350      ;
; 64.170 ; S[1]      ; Vout[2]~reg0 ; C14M         ; C14M        ; 69.841       ; 0.000      ; 5.338      ;
; 64.170 ; S[1]      ; Vout[4]~reg0 ; C14M         ; C14M        ; 69.841       ; 0.000      ; 5.338      ;
; 64.170 ; S[1]      ; Vout[6]~reg0 ; C14M         ; C14M        ; 69.841       ; 0.000      ; 5.338      ;
; 64.216 ; S[3]      ; DQML~reg0    ; C14M         ; C14M        ; 69.841       ; 0.000      ; 5.292      ;
; 64.223 ; S[2]      ; BA[0]~reg0   ; C14M         ; C14M        ; 69.841       ; 0.000      ; 5.285      ;
; 64.223 ; S[2]      ; BA[1]~reg0   ; C14M         ; C14M        ; 69.841       ; 0.000      ; 5.285      ;
; 64.252 ; PHI1seen  ; S[0]         ; C14M         ; C14M        ; 69.841       ; 0.000      ; 5.256      ;
; 64.287 ; S[3]      ; RAH[8]       ; C14M         ; C14M        ; 69.841       ; 0.000      ; 5.221      ;
; 64.287 ; S[3]      ; RAH[11]      ; C14M         ; C14M        ; 69.841       ; 0.000      ; 5.221      ;
; 64.302 ; S[0]      ; InitS[0]     ; C14M         ; C14M        ; 69.841       ; 0.000      ; 5.206      ;
; 64.338 ; S[2]      ; Dout[0]~reg0 ; C14M         ; C14M        ; 69.841       ; 0.000      ; 5.170      ;
; 64.338 ; S[2]      ; Dout[1]~reg0 ; C14M         ; C14M        ; 69.841       ; 0.000      ; 5.170      ;
; 64.338 ; S[2]      ; Dout[2]~reg0 ; C14M         ; C14M        ; 69.841       ; 0.000      ; 5.170      ;
; 64.338 ; S[2]      ; Dout[3]~reg0 ; C14M         ; C14M        ; 69.841       ; 0.000      ; 5.170      ;
; 64.338 ; S[2]      ; Dout[4]~reg0 ; C14M         ; C14M        ; 69.841       ; 0.000      ; 5.170      ;
; 64.338 ; S[2]      ; Dout[5]~reg0 ; C14M         ; C14M        ; 69.841       ; 0.000      ; 5.170      ;
; 64.338 ; S[2]      ; Dout[6]~reg0 ; C14M         ; C14M        ; 69.841       ; 0.000      ; 5.170      ;
; 64.354 ; S[2]      ; Vout[5]~reg0 ; C14M         ; C14M        ; 69.841       ; 0.000      ; 5.154      ;
; 64.382 ; S[1]      ; InitS[0]     ; C14M         ; C14M        ; 69.841       ; 0.000      ; 5.126      ;
; 64.389 ; S[2]      ; Vout[1]~reg0 ; C14M         ; C14M        ; 69.841       ; 0.000      ; 5.119      ;
; 64.389 ; S[2]      ; Vout[3]~reg0 ; C14M         ; C14M        ; 69.841       ; 0.000      ; 5.119      ;
; 64.399 ; S[0]      ; BA[0]~reg0   ; C14M         ; C14M        ; 69.841       ; 0.000      ; 5.109      ;
; 64.399 ; S[0]      ; BA[1]~reg0   ; C14M         ; C14M        ; 69.841       ; 0.000      ; 5.109      ;
; 64.411 ; S[2]      ; Vout[2]~reg0 ; C14M         ; C14M        ; 69.841       ; 0.000      ; 5.097      ;
; 64.411 ; S[2]      ; Vout[4]~reg0 ; C14M         ; C14M        ; 69.841       ; 0.000      ; 5.097      ;
; 64.411 ; S[2]      ; Vout[6]~reg0 ; C14M         ; C14M        ; 69.841       ; 0.000      ; 5.097      ;
; 64.437 ; S[1]      ; Dout[0]~reg0 ; C14M         ; C14M        ; 69.841       ; 0.000      ; 5.071      ;
; 64.437 ; S[1]      ; Dout[1]~reg0 ; C14M         ; C14M        ; 69.841       ; 0.000      ; 5.071      ;
; 64.437 ; S[1]      ; Dout[2]~reg0 ; C14M         ; C14M        ; 69.841       ; 0.000      ; 5.071      ;
; 64.437 ; S[1]      ; Dout[3]~reg0 ; C14M         ; C14M        ; 69.841       ; 0.000      ; 5.071      ;
; 64.437 ; S[1]      ; Dout[4]~reg0 ; C14M         ; C14M        ; 69.841       ; 0.000      ; 5.071      ;
; 64.437 ; S[1]      ; Dout[5]~reg0 ; C14M         ; C14M        ; 69.841       ; 0.000      ; 5.071      ;
; 64.437 ; S[1]      ; Dout[6]~reg0 ; C14M         ; C14M        ; 69.841       ; 0.000      ; 5.071      ;
; 64.456 ; S[0]      ; Dout[0]~reg0 ; C14M         ; C14M        ; 69.841       ; 0.000      ; 5.052      ;
; 64.456 ; S[0]      ; Dout[1]~reg0 ; C14M         ; C14M        ; 69.841       ; 0.000      ; 5.052      ;
; 64.456 ; S[0]      ; Dout[2]~reg0 ; C14M         ; C14M        ; 69.841       ; 0.000      ; 5.052      ;
; 64.456 ; S[0]      ; Dout[3]~reg0 ; C14M         ; C14M        ; 69.841       ; 0.000      ; 5.052      ;
; 64.456 ; S[0]      ; Dout[4]~reg0 ; C14M         ; C14M        ; 69.841       ; 0.000      ; 5.052      ;
; 64.456 ; S[0]      ; Dout[5]~reg0 ; C14M         ; C14M        ; 69.841       ; 0.000      ; 5.052      ;
; 64.456 ; S[0]      ; Dout[6]~reg0 ; C14M         ; C14M        ; 69.841       ; 0.000      ; 5.052      ;
; 64.474 ; S[3]      ; InitS[0]     ; C14M         ; C14M        ; 69.841       ; 0.000      ; 5.034      ;
; 64.502 ; S[1]      ; BA[0]~reg0   ; C14M         ; C14M        ; 69.841       ; 0.000      ; 5.006      ;
; 64.502 ; S[1]      ; BA[1]~reg0   ; C14M         ; C14M        ; 69.841       ; 0.000      ; 5.006      ;
; 64.542 ; S[3]      ; Vout[0]~reg0 ; C14M         ; C14M        ; 69.841       ; 0.000      ; 4.966      ;
; 64.542 ; S[3]      ; Vout[7]~reg0 ; C14M         ; C14M        ; 69.841       ; 0.000      ; 4.966      ;
; 64.557 ; S[2]      ; nCS~reg0     ; C14M         ; C14M        ; 69.841       ; 0.000      ; 4.951      ;
; 64.601 ; S[3]      ; BA[0]~reg0   ; C14M         ; C14M        ; 69.841       ; 0.000      ; 4.907      ;
; 64.601 ; S[3]      ; BA[1]~reg0   ; C14M         ; C14M        ; 69.841       ; 0.000      ; 4.907      ;
; 64.608 ; S[1]      ; RWBank[4]    ; C14M         ; C14M        ; 69.841       ; 0.000      ; 4.900      ;
; 64.608 ; S[1]      ; RWBank[5]    ; C14M         ; C14M        ; 69.841       ; 0.000      ; 4.900      ;
; 64.608 ; S[1]      ; RWBank[0]    ; C14M         ; C14M        ; 69.841       ; 0.000      ; 4.900      ;
; 64.608 ; S[1]      ; RWBank[1]    ; C14M         ; C14M        ; 69.841       ; 0.000      ; 4.900      ;
; 64.608 ; S[1]      ; RWBank[2]    ; C14M         ; C14M        ; 69.841       ; 0.000      ; 4.900      ;
+--------+-----------+--------------+--------------+-------------+--------------+------------+------------+


+---------------------------------------------------------------------------------------------------------------+
; Hold: 'C14M'                                                                                                  ;
+-------+----------------+----------------+--------------+-------------+--------------+------------+------------+
; Slack ; From Node      ; To Node        ; Launch Clock ; Latch Clock ; Relationship ; Clock Skew ; Data Delay ;
+-------+----------------+----------------+--------------+-------------+--------------+------------+------------+
; 1.078 ; InitS[0]       ; InitS[0]       ; C14M         ; C14M        ; 0.000        ; 0.000      ; 1.299      ;
; 1.646 ; RWBank[1]      ; RAH[9]         ; C14M         ; C14M        ; 0.000        ; 0.000      ; 1.867      ;
; 1.646 ; RWBank[2]      ; RAH[10]        ; C14M         ; C14M        ; 0.000        ; 0.000      ; 1.867      ;
; 1.659 ; PHI0seen       ; PHI0seen       ; C14M         ; C14M        ; 0.000        ; 0.000      ; 1.880      ;
; 1.661 ; PHI1seen       ; PHI1seen       ; C14M         ; C14M        ; 0.000        ; 0.000      ; 1.882      ;
; 1.663 ; InitS[1]_RTM00 ; InitS[0]       ; C14M         ; C14M        ; 0.000        ; 0.000      ; 1.884      ;
; 1.749 ; S[0]           ; RowA[3]        ; C14M         ; C14M        ; 0.000        ; 0.000      ; 1.970      ;
; 1.751 ; S[0]           ; RowA[0]        ; C14M         ; C14M        ; 0.000        ; 0.000      ; 1.972      ;
; 2.128 ; InitS[1]_RTM00 ; InitS[1]_RTM00 ; C14M         ; C14M        ; 0.000        ; 0.000      ; 2.349      ;
; 2.198 ; S[2]           ; nCAS~reg0      ; C14M         ; C14M        ; 0.000        ; 0.000      ; 2.419      ;
; 2.201 ; S[0]           ; S[0]           ; C14M         ; C14M        ; 0.000        ; 0.000      ; 2.422      ;
; 2.212 ; nRAS~reg0      ; nRAS~reg0      ; C14M         ; C14M        ; 0.000        ; 0.000      ; 2.433      ;
; 2.310 ; InitS[0]       ; InitS[1]_RTM00 ; C14M         ; C14M        ; 0.000        ; 0.000      ; 2.531      ;
; 2.317 ; S[1]           ; nCAS~reg0      ; C14M         ; C14M        ; 0.000        ; 0.000      ; 2.538      ;
; 2.337 ; S[2]           ; S[2]           ; C14M         ; C14M        ; 0.000        ; 0.000      ; 2.558      ;
; 2.344 ; S[2]           ; S[3]           ; C14M         ; C14M        ; 0.000        ; 0.000      ; 2.565      ;
; 2.456 ; S[3]           ; RAH[9]         ; C14M         ; C14M        ; 0.000        ; 0.000      ; 2.677      ;
; 2.590 ; S[3]           ; S[3]           ; C14M         ; C14M        ; 0.000        ; 0.000      ; 2.811      ;
; 2.599 ; S[3]           ; S[2]           ; C14M         ; C14M        ; 0.000        ; 0.000      ; 2.820      ;
; 2.642 ; InitS[0]       ; nCS~reg0       ; C14M         ; C14M        ; 0.000        ; 0.000      ; 2.863      ;
; 2.656 ; S[2]           ; RAH[10]        ; C14M         ; C14M        ; 0.000        ; 0.000      ; 2.877      ;
; 2.680 ; S[2]           ; RATransp       ; C14M         ; C14M        ; 0.000        ; 0.000      ; 2.901      ;
; 2.695 ; S[2]           ; RAH[9]         ; C14M         ; C14M        ; 0.000        ; 0.000      ; 2.916      ;
; 2.777 ; RWBank[0]      ; RAH[8]         ; C14M         ; C14M        ; 0.000        ; 0.000      ; 2.998      ;
; 2.794 ; S[3]           ; RAH[10]        ; C14M         ; C14M        ; 0.000        ; 0.000      ; 3.015      ;
; 2.866 ; S[1]           ; RATransp       ; C14M         ; C14M        ; 0.000        ; 0.000      ; 3.087      ;
; 2.873 ; S[1]           ; nRWE~reg0      ; C14M         ; C14M        ; 0.000        ; 0.000      ; 3.094      ;
; 2.967 ; RWBank[3]      ; RAH[11]        ; C14M         ; C14M        ; 0.000        ; 0.000      ; 3.188      ;
; 2.993 ; S[1]           ; nCS~reg0       ; C14M         ; C14M        ; 0.000        ; 0.000      ; 3.214      ;
; 3.040 ; S[3]           ; RATransp       ; C14M         ; C14M        ; 0.000        ; 0.000      ; 3.261      ;
; 3.089 ; RWBank[5]      ; BA[1]~reg0     ; C14M         ; C14M        ; 0.000        ; 0.000      ; 3.310      ;
; 3.116 ; RWBank[4]      ; BA[0]~reg0     ; C14M         ; C14M        ; 0.000        ; 0.000      ; 3.337      ;
; 3.143 ; S[1]           ; RowA[0]        ; C14M         ; C14M        ; 0.000        ; 0.000      ; 3.364      ;
; 3.146 ; S[1]           ; RowA[3]        ; C14M         ; C14M        ; 0.000        ; 0.000      ; 3.367      ;
; 3.164 ; InitS[1]_RTM00 ; nCS~reg0       ; C14M         ; C14M        ; 0.000        ; 0.000      ; 3.385      ;
; 3.168 ; S[2]           ; RAH[8]         ; C14M         ; C14M        ; 0.000        ; 0.000      ; 3.389      ;
; 3.169 ; S[2]           ; RAH[11]        ; C14M         ; C14M        ; 0.000        ; 0.000      ; 3.390      ;
; 3.170 ; S[1]           ; RowA[2]        ; C14M         ; C14M        ; 0.000        ; 0.000      ; 3.391      ;
; 3.172 ; S[1]           ; S[1]           ; C14M         ; C14M        ; 0.000        ; 0.000      ; 3.393      ;
; 3.172 ; S[1]           ; RowA[5]        ; C14M         ; C14M        ; 0.000        ; 0.000      ; 3.393      ;
; 3.240 ; PHI1reg        ; S[3]           ; C14M         ; C14M        ; 0.000        ; 0.000      ; 3.461      ;
; 3.247 ; PHI1reg        ; S[2]           ; C14M         ; C14M        ; 0.000        ; 0.000      ; 3.468      ;
; 3.248 ; S[3]           ; nRWE~reg0      ; C14M         ; C14M        ; 0.000        ; 0.000      ; 3.469      ;
; 3.279 ; S[3]           ; S[0]           ; C14M         ; C14M        ; 0.000        ; 0.000      ; 3.500      ;
; 3.279 ; S[3]           ; nRAS~reg0      ; C14M         ; C14M        ; 0.000        ; 0.000      ; 3.500      ;
; 3.289 ; S[3]           ; nCS~reg0       ; C14M         ; C14M        ; 0.000        ; 0.000      ; 3.510      ;
; 3.291 ; S[3]           ; DQML~reg0      ; C14M         ; C14M        ; 0.000        ; 0.000      ; 3.512      ;
; 3.293 ; RWBank[6]      ; DQML~reg0      ; C14M         ; C14M        ; 0.000        ; 0.000      ; 3.514      ;
; 3.314 ; S[0]           ; S[1]           ; C14M         ; C14M        ; 0.000        ; 0.000      ; 3.535      ;
; 3.371 ; S[1]           ; S[0]           ; C14M         ; C14M        ; 0.000        ; 0.000      ; 3.592      ;
; 3.379 ; S[0]           ; RowA[7]        ; C14M         ; C14M        ; 0.000        ; 0.000      ; 3.600      ;
; 3.382 ; S[0]           ; RowA[1]        ; C14M         ; C14M        ; 0.000        ; 0.000      ; 3.603      ;
; 3.390 ; S[0]           ; RowA[5]        ; C14M         ; C14M        ; 0.000        ; 0.000      ; 3.611      ;
; 3.392 ; S[0]           ; RowA[2]        ; C14M         ; C14M        ; 0.000        ; 0.000      ; 3.613      ;
; 3.393 ; S[0]           ; RowA[4]        ; C14M         ; C14M        ; 0.000        ; 0.000      ; 3.614      ;
; 3.394 ; S[0]           ; RowA[6]        ; C14M         ; C14M        ; 0.000        ; 0.000      ; 3.615      ;
; 3.407 ; PHI1reg        ; S[1]           ; C14M         ; C14M        ; 0.000        ; 0.000      ; 3.628      ;
; 3.442 ; S[3]           ; S[1]           ; C14M         ; C14M        ; 0.000        ; 0.000      ; 3.663      ;
; 3.474 ; S[1]           ; RowA[6]        ; C14M         ; C14M        ; 0.000        ; 0.000      ; 3.695      ;
; 3.480 ; S[1]           ; RowA[4]        ; C14M         ; C14M        ; 0.000        ; 0.000      ; 3.701      ;
; 3.488 ; S[1]           ; nRAS~reg0      ; C14M         ; C14M        ; 0.000        ; 0.000      ; 3.709      ;
; 3.489 ; S[1]           ; RowA[1]        ; C14M         ; C14M        ; 0.000        ; 0.000      ; 3.710      ;
; 3.490 ; S[1]           ; RowA[7]        ; C14M         ; C14M        ; 0.000        ; 0.000      ; 3.711      ;
; 3.490 ; S[2]           ; S[1]           ; C14M         ; C14M        ; 0.000        ; 0.000      ; 3.711      ;
; 3.492 ; S[1]           ; DQMH~reg0      ; C14M         ; C14M        ; 0.000        ; 0.000      ; 3.713      ;
; 3.623 ; S[0]           ; nCAS~reg0      ; C14M         ; C14M        ; 0.000        ; 0.000      ; 3.844      ;
; 3.642 ; S[2]           ; S[0]           ; C14M         ; C14M        ; 0.000        ; 0.000      ; 3.863      ;
; 3.681 ; S[0]           ; RAH[10]        ; C14M         ; C14M        ; 0.000        ; 0.000      ; 3.902      ;
; 3.690 ; S[0]           ; RAH[9]         ; C14M         ; C14M        ; 0.000        ; 0.000      ; 3.911      ;
; 3.712 ; RWBank[6]      ; DQMH~reg0      ; C14M         ; C14M        ; 0.000        ; 0.000      ; 3.933      ;
; 3.720 ; S[2]           ; nRWE~reg0      ; C14M         ; C14M        ; 0.000        ; 0.000      ; 3.941      ;
; 3.766 ; PHI0seen       ; S[3]           ; C14M         ; C14M        ; 0.000        ; 0.000      ; 3.987      ;
; 3.773 ; PHI0seen       ; S[2]           ; C14M         ; C14M        ; 0.000        ; 0.000      ; 3.994      ;
; 3.820 ; PHI1reg        ; S[0]           ; C14M         ; C14M        ; 0.000        ; 0.000      ; 4.041      ;
; 3.933 ; PHI0seen       ; S[1]           ; C14M         ; C14M        ; 0.000        ; 0.000      ; 4.154      ;
; 3.939 ; S[0]           ; nRWE~reg0      ; C14M         ; C14M        ; 0.000        ; 0.000      ; 4.160      ;
; 3.943 ; S[0]           ; RATransp       ; C14M         ; C14M        ; 0.000        ; 0.000      ; 4.164      ;
; 3.956 ; S[0]           ; DQML~reg0      ; C14M         ; C14M        ; 0.000        ; 0.000      ; 4.177      ;
; 3.962 ; RowA[0]        ; RWBank[4]      ; C14M         ; C14M        ; 0.000        ; 0.000      ; 4.183      ;
; 3.962 ; RowA[0]        ; RWBank[5]      ; C14M         ; C14M        ; 0.000        ; 0.000      ; 4.183      ;
; 3.962 ; RowA[0]        ; RWBank[0]      ; C14M         ; C14M        ; 0.000        ; 0.000      ; 4.183      ;
; 3.962 ; RowA[0]        ; RWBank[1]      ; C14M         ; C14M        ; 0.000        ; 0.000      ; 4.183      ;
; 3.962 ; RowA[0]        ; RWBank[2]      ; C14M         ; C14M        ; 0.000        ; 0.000      ; 4.183      ;
; 3.962 ; RowA[0]        ; RWBank[3]      ; C14M         ; C14M        ; 0.000        ; 0.000      ; 4.183      ;
; 3.962 ; RowA[0]        ; RWBank[6]      ; C14M         ; C14M        ; 0.000        ; 0.000      ; 4.183      ;
; 3.999 ; S[3]           ; BA[0]~reg0     ; C14M         ; C14M        ; 0.000        ; 0.000      ; 4.220      ;
; 4.056 ; S[1]           ; RAH[9]         ; C14M         ; C14M        ; 0.000        ; 0.000      ; 4.277      ;
; 4.061 ; S[1]           ; RAH[10]        ; C14M         ; C14M        ; 0.000        ; 0.000      ; 4.282      ;
; 4.092 ; S[0]           ; nRAS~reg0      ; C14M         ; C14M        ; 0.000        ; 0.000      ; 4.313      ;
; 4.110 ; S[2]           ; BA[0]~reg0     ; C14M         ; C14M        ; 0.000        ; 0.000      ; 4.331      ;
; 4.136 ; S[2]           ; RowA[0]        ; C14M         ; C14M        ; 0.000        ; 0.000      ; 4.357      ;
; 4.136 ; S[2]           ; RowA[3]        ; C14M         ; C14M        ; 0.000        ; 0.000      ; 4.357      ;
; 4.157 ; S[2]           ; RowA[1]        ; C14M         ; C14M        ; 0.000        ; 0.000      ; 4.378      ;
; 4.157 ; S[2]           ; RowA[2]        ; C14M         ; C14M        ; 0.000        ; 0.000      ; 4.378      ;
; 4.157 ; S[2]           ; RowA[4]        ; C14M         ; C14M        ; 0.000        ; 0.000      ; 4.378      ;
; 4.157 ; S[2]           ; RowA[5]        ; C14M         ; C14M        ; 0.000        ; 0.000      ; 4.378      ;
; 4.157 ; S[2]           ; RowA[6]        ; C14M         ; C14M        ; 0.000        ; 0.000      ; 4.378      ;
; 4.157 ; S[2]           ; RowA[7]        ; C14M         ; C14M        ; 0.000        ; 0.000      ; 4.378      ;
; 4.174 ; S[1]           ; BA[0]~reg0     ; C14M         ; C14M        ; 0.000        ; 0.000      ; 4.395      ;
; 4.197 ; S[0]           ; RWBank[4]      ; C14M         ; C14M        ; 0.000        ; 0.000      ; 4.418      ;
+-------+----------------+----------------+--------------+-------------+--------------+------------+------------+


+-------------------------------------------------------------------------------------------------+
; Minimum Pulse Width: 'C14M'                                                                     ;
+--------+--------------+----------------+------------------+-------+------------+----------------+
; Slack  ; Actual Width ; Required Width ; Type             ; Clock ; Clock Edge ; Target         ;
+--------+--------------+----------------+------------------+-------+------------+----------------+
; 34.654 ; 34.920       ; 0.266          ; High Pulse Width ; C14M  ; Rise       ; BA[0]~reg0     ;
; 34.654 ; 34.920       ; 0.266          ; High Pulse Width ; C14M  ; Rise       ; BA[1]~reg0     ;
; 34.654 ; 34.920       ; 0.266          ; High Pulse Width ; C14M  ; Rise       ; DQMH~reg0      ;
; 34.654 ; 34.920       ; 0.266          ; High Pulse Width ; C14M  ; Rise       ; DQML~reg0      ;
; 34.654 ; 34.920       ; 0.266          ; High Pulse Width ; C14M  ; Rise       ; Dout[0]~reg0   ;
; 34.654 ; 34.920       ; 0.266          ; High Pulse Width ; C14M  ; Rise       ; Dout[1]~reg0   ;
; 34.654 ; 34.920       ; 0.266          ; High Pulse Width ; C14M  ; Rise       ; Dout[2]~reg0   ;
; 34.654 ; 34.920       ; 0.266          ; High Pulse Width ; C14M  ; Rise       ; Dout[3]~reg0   ;
; 34.654 ; 34.920       ; 0.266          ; High Pulse Width ; C14M  ; Rise       ; Dout[4]~reg0   ;
; 34.654 ; 34.920       ; 0.266          ; High Pulse Width ; C14M  ; Rise       ; Dout[5]~reg0   ;
; 34.654 ; 34.920       ; 0.266          ; High Pulse Width ; C14M  ; Rise       ; Dout[6]~reg0   ;
; 34.654 ; 34.920       ; 0.266          ; High Pulse Width ; C14M  ; Rise       ; Dout[7]~reg0   ;
; 34.654 ; 34.920       ; 0.266          ; High Pulse Width ; C14M  ; Rise       ; InitS[0]       ;
; 34.654 ; 34.920       ; 0.266          ; High Pulse Width ; C14M  ; Rise       ; InitS[1]_RTM00 ;
; 34.654 ; 34.920       ; 0.266          ; High Pulse Width ; C14M  ; Rise       ; PHI0seen       ;
; 34.654 ; 34.920       ; 0.266          ; High Pulse Width ; C14M  ; Rise       ; PHI1reg        ;
; 34.654 ; 34.920       ; 0.266          ; High Pulse Width ; C14M  ; Rise       ; PHI1seen       ;
; 34.654 ; 34.920       ; 0.266          ; High Pulse Width ; C14M  ; Rise       ; RAH[10]        ;
; 34.654 ; 34.920       ; 0.266          ; High Pulse Width ; C14M  ; Rise       ; RAH[11]        ;
; 34.654 ; 34.920       ; 0.266          ; High Pulse Width ; C14M  ; Rise       ; RAH[8]         ;
; 34.654 ; 34.920       ; 0.266          ; High Pulse Width ; C14M  ; Rise       ; RAH[9]         ;
; 34.654 ; 34.920       ; 0.266          ; High Pulse Width ; C14M  ; Rise       ; RATransp       ;
; 34.654 ; 34.920       ; 0.266          ; High Pulse Width ; C14M  ; Rise       ; RWBank[0]      ;
; 34.654 ; 34.920       ; 0.266          ; High Pulse Width ; C14M  ; Rise       ; RWBank[1]      ;
; 34.654 ; 34.920       ; 0.266          ; High Pulse Width ; C14M  ; Rise       ; RWBank[2]      ;
; 34.654 ; 34.920       ; 0.266          ; High Pulse Width ; C14M  ; Rise       ; RWBank[3]      ;
; 34.654 ; 34.920       ; 0.266          ; High Pulse Width ; C14M  ; Rise       ; RWBank[4]      ;
; 34.654 ; 34.920       ; 0.266          ; High Pulse Width ; C14M  ; Rise       ; RWBank[5]      ;
; 34.654 ; 34.920       ; 0.266          ; High Pulse Width ; C14M  ; Rise       ; RWBank[6]      ;
; 34.654 ; 34.920       ; 0.266          ; High Pulse Width ; C14M  ; Rise       ; RowA[0]        ;
; 34.654 ; 34.920       ; 0.266          ; High Pulse Width ; C14M  ; Rise       ; RowA[1]        ;
; 34.654 ; 34.920       ; 0.266          ; High Pulse Width ; C14M  ; Rise       ; RowA[2]        ;
; 34.654 ; 34.920       ; 0.266          ; High Pulse Width ; C14M  ; Rise       ; RowA[3]        ;
; 34.654 ; 34.920       ; 0.266          ; High Pulse Width ; C14M  ; Rise       ; RowA[4]        ;
; 34.654 ; 34.920       ; 0.266          ; High Pulse Width ; C14M  ; Rise       ; RowA[5]        ;
; 34.654 ; 34.920       ; 0.266          ; High Pulse Width ; C14M  ; Rise       ; RowA[6]        ;
; 34.654 ; 34.920       ; 0.266          ; High Pulse Width ; C14M  ; Rise       ; RowA[7]        ;
; 34.654 ; 34.920       ; 0.266          ; High Pulse Width ; C14M  ; Rise       ; S[0]           ;
; 34.654 ; 34.920       ; 0.266          ; High Pulse Width ; C14M  ; Rise       ; S[1]           ;
; 34.654 ; 34.920       ; 0.266          ; High Pulse Width ; C14M  ; Rise       ; S[2]           ;
; 34.654 ; 34.920       ; 0.266          ; High Pulse Width ; C14M  ; Rise       ; S[3]           ;
; 34.654 ; 34.920       ; 0.266          ; High Pulse Width ; C14M  ; Rise       ; Vout[0]~reg0   ;
; 34.654 ; 34.920       ; 0.266          ; High Pulse Width ; C14M  ; Rise       ; Vout[1]~reg0   ;
; 34.654 ; 34.920       ; 0.266          ; High Pulse Width ; C14M  ; Rise       ; Vout[2]~reg0   ;
; 34.654 ; 34.920       ; 0.266          ; High Pulse Width ; C14M  ; Rise       ; Vout[3]~reg0   ;
; 34.654 ; 34.920       ; 0.266          ; High Pulse Width ; C14M  ; Rise       ; Vout[4]~reg0   ;
; 34.654 ; 34.920       ; 0.266          ; High Pulse Width ; C14M  ; Rise       ; Vout[5]~reg0   ;
; 34.654 ; 34.920       ; 0.266          ; High Pulse Width ; C14M  ; Rise       ; Vout[6]~reg0   ;
; 34.654 ; 34.920       ; 0.266          ; High Pulse Width ; C14M  ; Rise       ; Vout[7]~reg0   ;
; 34.654 ; 34.920       ; 0.266          ; High Pulse Width ; C14M  ; Rise       ; nCAS~reg0      ;
; 34.654 ; 34.920       ; 0.266          ; High Pulse Width ; C14M  ; Rise       ; nCS~reg0       ;
; 34.654 ; 34.920       ; 0.266          ; High Pulse Width ; C14M  ; Rise       ; nRAS~reg0      ;
; 34.654 ; 34.920       ; 0.266          ; High Pulse Width ; C14M  ; Rise       ; nRWE~reg0      ;
; 34.655 ; 34.921       ; 0.266          ; Low Pulse Width  ; C14M  ; Rise       ; BA[0]~reg0     ;
; 34.655 ; 34.921       ; 0.266          ; Low Pulse Width  ; C14M  ; Rise       ; BA[1]~reg0     ;
; 34.655 ; 34.921       ; 0.266          ; Low Pulse Width  ; C14M  ; Rise       ; DQMH~reg0      ;
; 34.655 ; 34.921       ; 0.266          ; Low Pulse Width  ; C14M  ; Rise       ; DQML~reg0      ;
; 34.655 ; 34.921       ; 0.266          ; Low Pulse Width  ; C14M  ; Rise       ; Dout[0]~reg0   ;
; 34.655 ; 34.921       ; 0.266          ; Low Pulse Width  ; C14M  ; Rise       ; Dout[1]~reg0   ;
; 34.655 ; 34.921       ; 0.266          ; Low Pulse Width  ; C14M  ; Rise       ; Dout[2]~reg0   ;
; 34.655 ; 34.921       ; 0.266          ; Low Pulse Width  ; C14M  ; Rise       ; Dout[3]~reg0   ;
; 34.655 ; 34.921       ; 0.266          ; Low Pulse Width  ; C14M  ; Rise       ; Dout[4]~reg0   ;
; 34.655 ; 34.921       ; 0.266          ; Low Pulse Width  ; C14M  ; Rise       ; Dout[5]~reg0   ;
; 34.655 ; 34.921       ; 0.266          ; Low Pulse Width  ; C14M  ; Rise       ; Dout[6]~reg0   ;
; 34.655 ; 34.921       ; 0.266          ; Low Pulse Width  ; C14M  ; Rise       ; Dout[7]~reg0   ;
; 34.655 ; 34.921       ; 0.266          ; Low Pulse Width  ; C14M  ; Rise       ; InitS[0]       ;
; 34.655 ; 34.921       ; 0.266          ; Low Pulse Width  ; C14M  ; Rise       ; InitS[1]_RTM00 ;
; 34.655 ; 34.921       ; 0.266          ; Low Pulse Width  ; C14M  ; Rise       ; PHI0seen       ;
; 34.655 ; 34.921       ; 0.266          ; Low Pulse Width  ; C14M  ; Rise       ; PHI1reg        ;
; 34.655 ; 34.921       ; 0.266          ; Low Pulse Width  ; C14M  ; Rise       ; PHI1seen       ;
; 34.655 ; 34.921       ; 0.266          ; Low Pulse Width  ; C14M  ; Rise       ; RAH[10]        ;
; 34.655 ; 34.921       ; 0.266          ; Low Pulse Width  ; C14M  ; Rise       ; RAH[11]        ;
; 34.655 ; 34.921       ; 0.266          ; Low Pulse Width  ; C14M  ; Rise       ; RAH[8]         ;
; 34.655 ; 34.921       ; 0.266          ; Low Pulse Width  ; C14M  ; Rise       ; RAH[9]         ;
; 34.655 ; 34.921       ; 0.266          ; Low Pulse Width  ; C14M  ; Rise       ; RATransp       ;
; 34.655 ; 34.921       ; 0.266          ; Low Pulse Width  ; C14M  ; Rise       ; RWBank[0]      ;
; 34.655 ; 34.921       ; 0.266          ; Low Pulse Width  ; C14M  ; Rise       ; RWBank[1]      ;
; 34.655 ; 34.921       ; 0.266          ; Low Pulse Width  ; C14M  ; Rise       ; RWBank[2]      ;
; 34.655 ; 34.921       ; 0.266          ; Low Pulse Width  ; C14M  ; Rise       ; RWBank[3]      ;
; 34.655 ; 34.921       ; 0.266          ; Low Pulse Width  ; C14M  ; Rise       ; RWBank[4]      ;
; 34.655 ; 34.921       ; 0.266          ; Low Pulse Width  ; C14M  ; Rise       ; RWBank[5]      ;
; 34.655 ; 34.921       ; 0.266          ; Low Pulse Width  ; C14M  ; Rise       ; RWBank[6]      ;
; 34.655 ; 34.921       ; 0.266          ; Low Pulse Width  ; C14M  ; Rise       ; RowA[0]        ;
; 34.655 ; 34.921       ; 0.266          ; Low Pulse Width  ; C14M  ; Rise       ; RowA[1]        ;
; 34.655 ; 34.921       ; 0.266          ; Low Pulse Width  ; C14M  ; Rise       ; RowA[2]        ;
; 34.655 ; 34.921       ; 0.266          ; Low Pulse Width  ; C14M  ; Rise       ; RowA[3]        ;
; 34.655 ; 34.921       ; 0.266          ; Low Pulse Width  ; C14M  ; Rise       ; RowA[4]        ;
; 34.655 ; 34.921       ; 0.266          ; Low Pulse Width  ; C14M  ; Rise       ; RowA[5]        ;
; 34.655 ; 34.921       ; 0.266          ; Low Pulse Width  ; C14M  ; Rise       ; RowA[6]        ;
; 34.655 ; 34.921       ; 0.266          ; Low Pulse Width  ; C14M  ; Rise       ; RowA[7]        ;
; 34.655 ; 34.921       ; 0.266          ; Low Pulse Width  ; C14M  ; Rise       ; S[0]           ;
; 34.655 ; 34.921       ; 0.266          ; Low Pulse Width  ; C14M  ; Rise       ; S[1]           ;
; 34.655 ; 34.921       ; 0.266          ; Low Pulse Width  ; C14M  ; Rise       ; S[2]           ;
; 34.655 ; 34.921       ; 0.266          ; Low Pulse Width  ; C14M  ; Rise       ; S[3]           ;
; 34.655 ; 34.921       ; 0.266          ; Low Pulse Width  ; C14M  ; Rise       ; Vout[0]~reg0   ;
; 34.655 ; 34.921       ; 0.266          ; Low Pulse Width  ; C14M  ; Rise       ; Vout[1]~reg0   ;
; 34.655 ; 34.921       ; 0.266          ; Low Pulse Width  ; C14M  ; Rise       ; Vout[2]~reg0   ;
; 34.655 ; 34.921       ; 0.266          ; Low Pulse Width  ; C14M  ; Rise       ; Vout[3]~reg0   ;
; 34.655 ; 34.921       ; 0.266          ; Low Pulse Width  ; C14M  ; Rise       ; Vout[4]~reg0   ;
; 34.655 ; 34.921       ; 0.266          ; Low Pulse Width  ; C14M  ; Rise       ; Vout[5]~reg0   ;
+--------+--------------+----------------+------------------+-------+------------+----------------+


+-----------------------------------------------------------------------+
; Setup Times                                                           ;
+-----------+------------+-------+-------+------------+-----------------+
; Data Port ; Clock Port ; Rise  ; Fall  ; Clock Edge ; Clock Reference ;
+-----------+------------+-------+-------+------------+-----------------+
; Ain[*]    ; C14M       ; 2.251 ; 2.251 ; Rise       ; C14M            ;
;  Ain[0]   ; C14M       ; 1.816 ; 1.816 ; Rise       ; C14M            ;
;  Ain[1]   ; C14M       ; 2.251 ; 2.251 ; Rise       ; C14M            ;
;  Ain[2]   ; C14M       ; 2.199 ; 2.199 ; Rise       ; C14M            ;
;  Ain[3]   ; C14M       ; 1.895 ; 1.895 ; Rise       ; C14M            ;
;  Ain[4]   ; C14M       ; 2.017 ; 2.017 ; Rise       ; C14M            ;
;  Ain[5]   ; C14M       ; 1.970 ; 1.970 ; Rise       ; C14M            ;
;  Ain[6]   ; C14M       ; 2.066 ; 2.066 ; Rise       ; C14M            ;
;  Ain[7]   ; C14M       ; 2.191 ; 2.191 ; Rise       ; C14M            ;
; Din[*]    ; C14M       ; 2.560 ; 2.560 ; Rise       ; C14M            ;
;  Din[0]   ; C14M       ; 1.802 ; 1.802 ; Rise       ; C14M            ;
;  Din[1]   ; C14M       ; 2.012 ; 2.012 ; Rise       ; C14M            ;
;  Din[2]   ; C14M       ; 1.832 ; 1.832 ; Rise       ; C14M            ;
;  Din[3]   ; C14M       ; 2.202 ; 2.202 ; Rise       ; C14M            ;
;  Din[4]   ; C14M       ; 1.846 ; 1.846 ; Rise       ; C14M            ;
;  Din[5]   ; C14M       ; 2.230 ; 2.230 ; Rise       ; C14M            ;
;  Din[6]   ; C14M       ; 2.560 ; 2.560 ; Rise       ; C14M            ;
; PHI1      ; C14M       ; 4.893 ; 4.893 ; Rise       ; C14M            ;
; RD[*]     ; C14M       ; 3.332 ; 3.332 ; Rise       ; C14M            ;
;  RD[0]    ; C14M       ; 3.332 ; 3.332 ; Rise       ; C14M            ;
;  RD[1]    ; C14M       ; 2.677 ; 2.677 ; Rise       ; C14M            ;
;  RD[2]    ; C14M       ; 3.305 ; 3.305 ; Rise       ; C14M            ;
;  RD[3]    ; C14M       ; 2.710 ; 2.710 ; Rise       ; C14M            ;
;  RD[4]    ; C14M       ; 2.891 ; 2.891 ; Rise       ; C14M            ;
;  RD[5]    ; C14M       ; 3.289 ; 3.289 ; Rise       ; C14M            ;
;  RD[6]    ; C14M       ; 2.983 ; 2.983 ; Rise       ; C14M            ;
;  RD[7]    ; C14M       ; 3.275 ; 3.275 ; Rise       ; C14M            ;
; nC07X     ; C14M       ; 4.965 ; 4.965 ; Rise       ; C14M            ;
; nWE       ; C14M       ; 7.537 ; 7.537 ; Rise       ; C14M            ;
; nWE80     ; C14M       ; 1.880 ; 1.880 ; Rise       ; C14M            ;
+-----------+------------+-------+-------+------------+-----------------+


+-------------------------------------------------------------------------+
; Hold Times                                                              ;
+-----------+------------+--------+--------+------------+-----------------+
; Data Port ; Clock Port ; Rise   ; Fall   ; Clock Edge ; Clock Reference ;
+-----------+------------+--------+--------+------------+-----------------+
; Ain[*]    ; C14M       ; -1.262 ; -1.262 ; Rise       ; C14M            ;
;  Ain[0]   ; C14M       ; -1.262 ; -1.262 ; Rise       ; C14M            ;
;  Ain[1]   ; C14M       ; -1.697 ; -1.697 ; Rise       ; C14M            ;
;  Ain[2]   ; C14M       ; -1.645 ; -1.645 ; Rise       ; C14M            ;
;  Ain[3]   ; C14M       ; -1.341 ; -1.341 ; Rise       ; C14M            ;
;  Ain[4]   ; C14M       ; -1.463 ; -1.463 ; Rise       ; C14M            ;
;  Ain[5]   ; C14M       ; -1.416 ; -1.416 ; Rise       ; C14M            ;
;  Ain[6]   ; C14M       ; -1.512 ; -1.512 ; Rise       ; C14M            ;
;  Ain[7]   ; C14M       ; -1.637 ; -1.637 ; Rise       ; C14M            ;
; Din[*]    ; C14M       ; -1.248 ; -1.248 ; Rise       ; C14M            ;
;  Din[0]   ; C14M       ; -1.248 ; -1.248 ; Rise       ; C14M            ;
;  Din[1]   ; C14M       ; -1.458 ; -1.458 ; Rise       ; C14M            ;
;  Din[2]   ; C14M       ; -1.278 ; -1.278 ; Rise       ; C14M            ;
;  Din[3]   ; C14M       ; -1.648 ; -1.648 ; Rise       ; C14M            ;
;  Din[4]   ; C14M       ; -1.292 ; -1.292 ; Rise       ; C14M            ;
;  Din[5]   ; C14M       ; -1.676 ; -1.676 ; Rise       ; C14M            ;
;  Din[6]   ; C14M       ; -2.006 ; -2.006 ; Rise       ; C14M            ;
; PHI1      ; C14M       ; -1.592 ; -1.592 ; Rise       ; C14M            ;
; RD[*]     ; C14M       ; -1.946 ; -1.946 ; Rise       ; C14M            ;
;  RD[0]    ; C14M       ; -1.946 ; -1.946 ; Rise       ; C14M            ;
;  RD[1]    ; C14M       ; -2.115 ; -2.115 ; Rise       ; C14M            ;
;  RD[2]    ; C14M       ; -2.663 ; -2.663 ; Rise       ; C14M            ;
;  RD[3]    ; C14M       ; -2.139 ; -2.139 ; Rise       ; C14M            ;
;  RD[4]    ; C14M       ; -2.119 ; -2.119 ; Rise       ; C14M            ;
;  RD[5]    ; C14M       ; -2.733 ; -2.733 ; Rise       ; C14M            ;
;  RD[6]    ; C14M       ; -2.368 ; -2.368 ; Rise       ; C14M            ;
;  RD[7]    ; C14M       ; -2.659 ; -2.659 ; Rise       ; C14M            ;
; nC07X     ; C14M       ; -4.411 ; -4.411 ; Rise       ; C14M            ;
; nWE       ; C14M       ; -6.983 ; -6.983 ; Rise       ; C14M            ;
; nWE80     ; C14M       ; -1.326 ; -1.326 ; Rise       ; C14M            ;
+-----------+------------+--------+--------+------------+-----------------+


+-------------------------------------------------------------------------+
; Clock to Output Times                                                   ;
+-----------+------------+--------+--------+------------+-----------------+
; Data Port ; Clock Port ; Rise   ; Fall   ; Clock Edge ; Clock Reference ;
+-----------+------------+--------+--------+------------+-----------------+
; BA[*]     ; C14M       ; 17.228 ; 17.228 ; Rise       ; C14M            ;
;  BA[0]    ; C14M       ; 17.228 ; 17.228 ; Rise       ; C14M            ;
;  BA[1]    ; C14M       ; 15.896 ; 15.896 ; Rise       ; C14M            ;
; DQMH      ; C14M       ; 17.117 ; 17.117 ; Rise       ; C14M            ;
; DQML      ; C14M       ; 17.127 ; 17.127 ; Rise       ; C14M            ;
; Dout[*]   ; C14M       ; 17.632 ; 17.632 ; Rise       ; C14M            ;
;  Dout[0]  ; C14M       ; 17.430 ; 17.430 ; Rise       ; C14M            ;
;  Dout[1]  ; C14M       ; 17.632 ; 17.632 ; Rise       ; C14M            ;
;  Dout[2]  ; C14M       ; 17.057 ; 17.057 ; Rise       ; C14M            ;
;  Dout[3]  ; C14M       ; 17.527 ; 17.527 ; Rise       ; C14M            ;
;  Dout[4]  ; C14M       ; 17.076 ; 17.076 ; Rise       ; C14M            ;
;  Dout[5]  ; C14M       ; 17.034 ; 17.034 ; Rise       ; C14M            ;
;  Dout[6]  ; C14M       ; 17.456 ; 17.456 ; Rise       ; C14M            ;
;  Dout[7]  ; C14M       ; 15.852 ; 15.852 ; Rise       ; C14M            ;
; RA[*]     ; C14M       ; 20.545 ; 20.545 ; Rise       ; C14M            ;
;  RA[0]    ; C14M       ; 18.934 ; 18.934 ; Rise       ; C14M            ;
;  RA[1]    ; C14M       ; 20.240 ; 20.240 ; Rise       ; C14M            ;
;  RA[2]    ; C14M       ; 20.263 ; 20.263 ; Rise       ; C14M            ;
;  RA[3]    ; C14M       ; 19.950 ; 19.950 ; Rise       ; C14M            ;
;  RA[4]    ; C14M       ; 20.545 ; 20.545 ; Rise       ; C14M            ;
;  RA[5]    ; C14M       ; 19.513 ; 19.513 ; Rise       ; C14M            ;
;  RA[6]    ; C14M       ; 20.372 ; 20.372 ; Rise       ; C14M            ;
;  RA[7]    ; C14M       ; 18.844 ; 18.844 ; Rise       ; C14M            ;
;  RA[8]    ; C14M       ; 15.892 ; 15.892 ; Rise       ; C14M            ;
;  RA[9]    ; C14M       ; 17.813 ; 17.813 ; Rise       ; C14M            ;
;  RA[10]   ; C14M       ; 17.311 ; 17.311 ; Rise       ; C14M            ;
;  RA[11]   ; C14M       ; 17.217 ; 17.217 ; Rise       ; C14M            ;
; Vout[*]   ; C14M       ; 9.362  ; 9.362  ; Rise       ; C14M            ;
;  Vout[0]  ; C14M       ; 9.338  ; 9.338  ; Rise       ; C14M            ;
;  Vout[1]  ; C14M       ; 8.654  ; 8.654  ; Rise       ; C14M            ;
;  Vout[2]  ; C14M       ; 9.292  ; 9.292  ; Rise       ; C14M            ;
;  Vout[3]  ; C14M       ; 9.315  ; 9.315  ; Rise       ; C14M            ;
;  Vout[4]  ; C14M       ; 9.362  ; 9.362  ; Rise       ; C14M            ;
;  Vout[5]  ; C14M       ; 8.883  ; 8.883  ; Rise       ; C14M            ;
;  Vout[6]  ; C14M       ; 8.634  ; 8.634  ; Rise       ; C14M            ;
;  Vout[7]  ; C14M       ; 8.844  ; 8.844  ; Rise       ; C14M            ;
; nCAS      ; C14M       ; 17.888 ; 17.888 ; Rise       ; C14M            ;
; nCS       ; C14M       ; 17.592 ; 17.592 ; Rise       ; C14M            ;
; nRAS      ; C14M       ; 17.803 ; 17.803 ; Rise       ; C14M            ;
; nRWE      ; C14M       ; 18.462 ; 18.462 ; Rise       ; C14M            ;
+-----------+------------+--------+--------+------------+-----------------+


+-------------------------------------------------------------------------+
; Minimum Clock to Output Times                                           ;
+-----------+------------+--------+--------+------------+-----------------+
; Data Port ; Clock Port ; Rise   ; Fall   ; Clock Edge ; Clock Reference ;
+-----------+------------+--------+--------+------------+-----------------+
; BA[*]     ; C14M       ; 15.896 ; 15.896 ; Rise       ; C14M            ;
;  BA[0]    ; C14M       ; 17.228 ; 17.228 ; Rise       ; C14M            ;
;  BA[1]    ; C14M       ; 15.896 ; 15.896 ; Rise       ; C14M            ;
; DQMH      ; C14M       ; 17.117 ; 17.117 ; Rise       ; C14M            ;
; DQML      ; C14M       ; 17.127 ; 17.127 ; Rise       ; C14M            ;
; Dout[*]   ; C14M       ; 15.852 ; 15.852 ; Rise       ; C14M            ;
;  Dout[0]  ; C14M       ; 17.430 ; 17.430 ; Rise       ; C14M            ;
;  Dout[1]  ; C14M       ; 17.632 ; 17.632 ; Rise       ; C14M            ;
;  Dout[2]  ; C14M       ; 17.057 ; 17.057 ; Rise       ; C14M            ;
;  Dout[3]  ; C14M       ; 17.527 ; 17.527 ; Rise       ; C14M            ;
;  Dout[4]  ; C14M       ; 17.076 ; 17.076 ; Rise       ; C14M            ;
;  Dout[5]  ; C14M       ; 17.034 ; 17.034 ; Rise       ; C14M            ;
;  Dout[6]  ; C14M       ; 17.456 ; 17.456 ; Rise       ; C14M            ;
;  Dout[7]  ; C14M       ; 15.852 ; 15.852 ; Rise       ; C14M            ;
; RA[*]     ; C14M       ; 15.892 ; 15.892 ; Rise       ; C14M            ;
;  RA[0]    ; C14M       ; 18.413 ; 18.413 ; Rise       ; C14M            ;
;  RA[1]    ; C14M       ; 20.203 ; 20.203 ; Rise       ; C14M            ;
;  RA[2]    ; C14M       ; 20.244 ; 20.244 ; Rise       ; C14M            ;
;  RA[3]    ; C14M       ; 19.066 ; 19.066 ; Rise       ; C14M            ;
;  RA[4]    ; C14M       ; 20.326 ; 20.326 ; Rise       ; C14M            ;
;  RA[5]    ; C14M       ; 18.524 ; 18.524 ; Rise       ; C14M            ;
;  RA[6]    ; C14M       ; 20.315 ; 20.315 ; Rise       ; C14M            ;
;  RA[7]    ; C14M       ; 18.046 ; 18.046 ; Rise       ; C14M            ;
;  RA[8]    ; C14M       ; 15.892 ; 15.892 ; Rise       ; C14M            ;
;  RA[9]    ; C14M       ; 17.813 ; 17.813 ; Rise       ; C14M            ;
;  RA[10]   ; C14M       ; 17.311 ; 17.311 ; Rise       ; C14M            ;
;  RA[11]   ; C14M       ; 17.217 ; 17.217 ; Rise       ; C14M            ;
; Vout[*]   ; C14M       ; 8.634  ; 8.634  ; Rise       ; C14M            ;
;  Vout[0]  ; C14M       ; 9.338  ; 9.338  ; Rise       ; C14M            ;
;  Vout[1]  ; C14M       ; 8.654  ; 8.654  ; Rise       ; C14M            ;
;  Vout[2]  ; C14M       ; 9.292  ; 9.292  ; Rise       ; C14M            ;
;  Vout[3]  ; C14M       ; 9.315  ; 9.315  ; Rise       ; C14M            ;
;  Vout[4]  ; C14M       ; 9.362  ; 9.362  ; Rise       ; C14M            ;
;  Vout[5]  ; C14M       ; 8.883  ; 8.883  ; Rise       ; C14M            ;
;  Vout[6]  ; C14M       ; 8.634  ; 8.634  ; Rise       ; C14M            ;
;  Vout[7]  ; C14M       ; 8.844  ; 8.844  ; Rise       ; C14M            ;
; nCAS      ; C14M       ; 17.888 ; 17.888 ; Rise       ; C14M            ;
; nCS       ; C14M       ; 17.592 ; 17.592 ; Rise       ; C14M            ;
; nRAS      ; C14M       ; 17.803 ; 17.803 ; Rise       ; C14M            ;
; nRWE      ; C14M       ; 18.462 ; 18.462 ; Rise       ; C14M            ;
+-----------+------------+--------+--------+------------+-----------------+


+------------------------------------------------------+
; Propagation Delay                                    ;
+------------+-------------+--------+----+----+--------+
; Input Port ; Output Port ; RR     ; RF ; FR ; FF     ;
+------------+-------------+--------+----+----+--------+
; Ain[0]     ; RA[0]       ; 16.890 ;    ;    ; 16.890 ;
; Ain[1]     ; RA[1]       ; 17.586 ;    ;    ; 17.586 ;
; Ain[2]     ; RA[2]       ; 17.298 ;    ;    ; 17.298 ;
; Ain[3]     ; RA[3]       ; 18.557 ;    ;    ; 18.557 ;
; Ain[4]     ; RA[4]       ; 17.291 ;    ;    ; 17.291 ;
; Ain[5]     ; RA[5]       ; 18.073 ;    ;    ; 18.073 ;
; Ain[6]     ; RA[6]       ; 17.840 ;    ;    ; 17.840 ;
; Ain[7]     ; RA[7]       ; 18.106 ;    ;    ; 18.106 ;
; DelayIn    ; RD[0]       ; 18.289 ;    ;    ; 18.289 ;
; DelayIn    ; RD[1]       ; 18.289 ;    ;    ; 18.289 ;
; DelayIn    ; RD[2]       ; 19.302 ;    ;    ; 19.302 ;
; DelayIn    ; RD[3]       ; 18.289 ;    ;    ; 18.289 ;
; DelayIn    ; RD[4]       ; 18.289 ;    ;    ; 18.289 ;
; DelayIn    ; RD[5]       ; 18.289 ;    ;    ; 18.289 ;
; DelayIn    ; RD[6]       ; 18.289 ;    ;    ; 18.289 ;
; DelayIn    ; RD[7]       ; 18.289 ;    ;    ; 18.289 ;
; DelayIn    ; nDOE        ; 19.054 ;    ;    ; 19.054 ;
; Din[0]     ; RD[0]       ; 15.299 ;    ;    ; 15.299 ;
; Din[1]     ; RD[1]       ; 15.232 ;    ;    ; 15.232 ;
; Din[2]     ; RD[2]       ; 15.912 ;    ;    ; 15.912 ;
; Din[3]     ; RD[3]       ; 15.206 ;    ;    ; 15.206 ;
; Din[4]     ; RD[4]       ; 15.846 ;    ;    ; 15.846 ;
; Din[5]     ; RD[5]       ; 15.822 ;    ;    ; 15.822 ;
; Din[6]     ; RD[6]       ; 15.238 ;    ;    ; 15.238 ;
; Din[7]     ; RD[7]       ; 15.160 ;    ;    ; 15.160 ;
; PHI1       ; nVOE        ; 7.139  ;    ;    ; 7.139  ;
; nEN80      ; DelayOut    ; 16.337 ;    ;    ; 16.337 ;
; nWE        ; nDOE        ; 18.392 ;    ;    ; 18.392 ;
; nWE80      ; RD[0]       ; 15.872 ;    ;    ; 15.872 ;
; nWE80      ; RD[1]       ; 15.872 ;    ;    ; 15.872 ;
; nWE80      ; RD[2]       ; 16.885 ;    ;    ; 16.885 ;
; nWE80      ; RD[3]       ; 15.872 ;    ;    ; 15.872 ;
; nWE80      ; RD[4]       ; 15.872 ;    ;    ; 15.872 ;
; nWE80      ; RD[5]       ; 15.872 ;    ;    ; 15.872 ;
; nWE80      ; RD[6]       ; 15.872 ;    ;    ; 15.872 ;
; nWE80      ; RD[7]       ; 15.872 ;    ;    ; 15.872 ;
+------------+-------------+--------+----+----+--------+


+------------------------------------------------------+
; Minimum Propagation Delay                            ;
+------------+-------------+--------+----+----+--------+
; Input Port ; Output Port ; RR     ; RF ; FR ; FF     ;
+------------+-------------+--------+----+----+--------+
; Ain[0]     ; RA[0]       ; 16.890 ;    ;    ; 16.890 ;
; Ain[1]     ; RA[1]       ; 17.586 ;    ;    ; 17.586 ;
; Ain[2]     ; RA[2]       ; 17.298 ;    ;    ; 17.298 ;
; Ain[3]     ; RA[3]       ; 18.557 ;    ;    ; 18.557 ;
; Ain[4]     ; RA[4]       ; 17.291 ;    ;    ; 17.291 ;
; Ain[5]     ; RA[5]       ; 18.073 ;    ;    ; 18.073 ;
; Ain[6]     ; RA[6]       ; 17.840 ;    ;    ; 17.840 ;
; Ain[7]     ; RA[7]       ; 18.106 ;    ;    ; 18.106 ;
; DelayIn    ; RD[0]       ; 18.289 ;    ;    ; 18.289 ;
; DelayIn    ; RD[1]       ; 18.289 ;    ;    ; 18.289 ;
; DelayIn    ; RD[2]       ; 19.302 ;    ;    ; 19.302 ;
; DelayIn    ; RD[3]       ; 18.289 ;    ;    ; 18.289 ;
; DelayIn    ; RD[4]       ; 18.289 ;    ;    ; 18.289 ;
; DelayIn    ; RD[5]       ; 18.289 ;    ;    ; 18.289 ;
; DelayIn    ; RD[6]       ; 18.289 ;    ;    ; 18.289 ;
; DelayIn    ; RD[7]       ; 18.289 ;    ;    ; 18.289 ;
; DelayIn    ; nDOE        ; 19.054 ;    ;    ; 19.054 ;
; Din[0]     ; RD[0]       ; 15.299 ;    ;    ; 15.299 ;
; Din[1]     ; RD[1]       ; 15.232 ;    ;    ; 15.232 ;
; Din[2]     ; RD[2]       ; 15.912 ;    ;    ; 15.912 ;
; Din[3]     ; RD[3]       ; 15.206 ;    ;    ; 15.206 ;
; Din[4]     ; RD[4]       ; 15.846 ;    ;    ; 15.846 ;
; Din[5]     ; RD[5]       ; 15.822 ;    ;    ; 15.822 ;
; Din[6]     ; RD[6]       ; 15.238 ;    ;    ; 15.238 ;
; Din[7]     ; RD[7]       ; 15.160 ;    ;    ; 15.160 ;
; PHI1       ; nVOE        ; 7.139  ;    ;    ; 7.139  ;
; nEN80      ; DelayOut    ; 16.337 ;    ;    ; 16.337 ;
; nWE        ; nDOE        ; 18.392 ;    ;    ; 18.392 ;
; nWE80      ; RD[0]       ; 15.872 ;    ;    ; 15.872 ;
; nWE80      ; RD[1]       ; 15.872 ;    ;    ; 15.872 ;
; nWE80      ; RD[2]       ; 16.885 ;    ;    ; 16.885 ;
; nWE80      ; RD[3]       ; 15.872 ;    ;    ; 15.872 ;
; nWE80      ; RD[4]       ; 15.872 ;    ;    ; 15.872 ;
; nWE80      ; RD[5]       ; 15.872 ;    ;    ; 15.872 ;
; nWE80      ; RD[6]       ; 15.872 ;    ;    ; 15.872 ;
; nWE80      ; RD[7]       ; 15.872 ;    ;    ; 15.872 ;
+------------+-------------+--------+----+----+--------+


+-------------------------------------------------------------------+
; Setup Transfers                                                   ;
+------------+----------+----------+----------+----------+----------+
; From Clock ; To Clock ; RR Paths ; FR Paths ; RF Paths ; FF Paths ;
+------------+----------+----------+----------+----------+----------+
; C14M       ; C14M     ; 297      ; 0        ; 0        ; 0        ;
+------------+----------+----------+----------+----------+----------+
Entries labeled "false path" only account for clock-to-clock false paths and not path-based false paths. As a result, actual path counts may be lower than reported.


+-------------------------------------------------------------------+
; Hold Transfers                                                    ;
+------------+----------+----------+----------+----------+----------+
; From Clock ; To Clock ; RR Paths ; FR Paths ; RF Paths ; FF Paths ;
+------------+----------+----------+----------+----------+----------+
; C14M       ; C14M     ; 297      ; 0        ; 0        ; 0        ;
+------------+----------+----------+----------+----------+----------+
Entries labeled "false path" only account for clock-to-clock false paths and not path-based false paths. As a result, actual path counts may be lower than reported.


---------------
; Report TCCS ;
---------------
No dedicated SERDES Transmitter circuitry present in device or used in design


---------------
; Report RSKM ;
---------------
No dedicated SERDES Receiver circuitry present in device or used in design


+------------------------------------------------+
; Unconstrained Paths                            ;
+---------------------------------+-------+------+
; Property                        ; Setup ; Hold ;
+---------------------------------+-------+------+
; Illegal Clocks                  ; 0     ; 0    ;
; Unconstrained Clocks            ; 0     ; 0    ;
; Unconstrained Input Ports       ; 30    ; 30   ;
; Unconstrained Input Port Paths  ; 89    ; 89   ;
; Unconstrained Output Ports      ; 47    ; 47   ;
; Unconstrained Output Port Paths ; 80    ; 80   ;
+---------------------------------+-------+------+


+------------------------------------+
; TimeQuest Timing Analyzer Messages ;
+------------------------------------+
Info: *******************************************************************
Info: Running Quartus II 32-bit TimeQuest Timing Analyzer
    Info: Version 13.0.1 Build 232 06/12/2013 Service Pack 1 SJ Web Edition
    Info: Processing started: Fri May 01 23:55:25 2020
Info: Command: quartus_sta RAM2E -c RAM2E
Info: qsta_default_script.tcl version: #1
Info (20029): Only one processor detected - disabling parallel compilation
Info (21077): Low junction temperature is 0 degrees C
Info (21077): High junction temperature is 85 degrees C
Info (306004): Started post-fitting delay annotation
Info (306005): Delay annotation completed successfully
Info (332104): Reading SDC File: 'constraints.sdc'
Info: Found TIMEQUEST_REPORT_SCRIPT_INCLUDE_DEFAULT_ANALYSIS = ON
Info (332146): Worst-case setup slack is 63.560
    Info (332119):     Slack End Point TNS Clock 
    Info (332119): ========= ============= =====================
    Info (332119):    63.560         0.000 C14M 
Info (332146): Worst-case hold slack is 1.078
    Info (332119):     Slack End Point TNS Clock 
    Info (332119): ========= ============= =====================
    Info (332119):     1.078         0.000 C14M 
Info (332140): No Recovery paths to report
Info (332140): No Removal paths to report
Info (332146): Worst-case minimum pulse width slack is 34.654
    Info (332119):     Slack End Point TNS Clock 
    Info (332119): ========= ============= =====================
    Info (332119):    34.654         0.000 C14M 
Info (332001): The selected device family is not supported by the report_metastability command.
Info (332102): Design is not fully constrained for setup requirements
Info (332102): Design is not fully constrained for hold requirements
Info: Quartus II 32-bit TimeQuest Timing Analyzer was successful. 0 errors, 0 warnings
    Info: Peak virtual memory: 282 megabytes
    Info: Processing ended: Fri May 01 23:55:29 2020
    Info: Elapsed time: 00:00:04
    Info: Total CPU time (on all processors): 00:00:03


